V3 19
FL C:/Users/HP/Desktop/09-Project/ALU/alu.vhd 2020/04/24.14:38:03 P.20131013
EN work/alu 1588234609 FL C:/Users/HP/Desktop/09-Project/ALU/alu.vhd \
      PB ieee/std_logic_1164 1381692176 PB ieee/STD_LOGIC_UNSIGNED 1381692179 \
      PB ieee/NUMERIC_STD 1381692181
AR work/alu/Behavioral 1588234610 \
      FL C:/Users/HP/Desktop/09-Project/ALU/alu.vhd EN work/alu 1588234609
FL C:/Users/HP/Desktop/09-Project/ALU/top.vhd 2020/04/30.09:51:28 P.20131013
EN work/top 1588234611 FL C:/Users/HP/Desktop/09-Project/ALU/top.vhd \
      PB ieee/std_logic_1164 1381692176
AR work/top/Behavioral 1588234612 \
      FL C:/Users/HP/Desktop/09-Project/ALU/top.vhd EN work/top 1588234611 \
      CP work/driver_7seg CP work/alu CP work/clock_enable
FL C:/Users/HP/Desktop/09-Project/clock_enable.vhd 2020/04/24.14:35:57 P.20131013
EN work/clock_enable 1588234603 \
      FL C:/Users/HP/Desktop/09-Project/clock_enable.vhd PB ieee/std_logic_1164 1381692176 \
      PB ieee/STD_LOGIC_UNSIGNED 1381692179
AR work/clock_enable/Behavioral 1588234604 \
      FL C:/Users/HP/Desktop/09-Project/clock_enable.vhd EN work/clock_enable 1588234603
FL C:/Users/HP/Desktop/09-Project/driver_7seg.vhd 2020/04/24.14:36:17 P.20131013
EN work/driver_7seg 1588234607 FL C:/Users/HP/Desktop/09-Project/driver_7seg.vhd \
      PB ieee/std_logic_1164 1381692176 PB ieee/STD_LOGIC_UNSIGNED 1381692179
AR work/driver_7seg/Behavioral 1588234608 \
      FL C:/Users/HP/Desktop/09-Project/driver_7seg.vhd EN work/driver_7seg 1588234607 \
      CP work/clock_enable CP work/hex_to_7seg
FL C:/Users/HP/Desktop/09-Project/hex_to_7seg.vhd 2020/04/17.16:38:24 P.20131013
EN work/hex_to_7seg 1588234605 FL C:/Users/HP/Desktop/09-Project/hex_to_7seg.vhd \
      PB ieee/std_logic_1164 1381692176
AR work/hex_to_7seg/Behavioral 1588234606 \
      FL C:/Users/HP/Desktop/09-Project/hex_to_7seg.vhd EN work/hex_to_7seg 1588234605
